╭──────────────────────────────────────╮
│ dev                                  │
│ ○ Stopped                            │
│                                      │
│                                      │
│ disk     ░░░░░░░░░░░░░░░░░░░░░░░ ?/? │
│ base update available · R reset      │
╰──────────────────────────────────────╯