╭──────────────────────────────────────╮
│ dev                                  │
│ ○ Stopped                            │
│                                      │
│                                      │
│ disk     ░░░░░░░░░░░░░░░░░░░░░░░ ?/? │
│ base and setup updates · R reset     │
╰──────────────────────────────────────╯