╭──────────────────────────────────────╮
│ dev                                  │
│ ○ Stopped                            │
│                                      │
│                                      │
│ disk     ░░░░░░░░░░░░░░░░░░░░░░░ ?/? │
│ setup update available · R reset     │
╰──────────────────────────────────────╯