╭──────────────────────────────────────╮
│ dev                                  │
│ ○ Stopped                            │
│                                      │
│                                      │
│ disk     ░░░░░░░░░░░░░░░░░░░░░░░ ?/? │
│ versions unknown · R reset           │
╰──────────────────────────────────────╯