                                                                                                                                                                
   sand                                                                                                                                                 v1.2.3  
  2 sandboxes (1 running) · cpu —, mem —/16 GiB, 100 GiB disk free                                                                                              
                                                                                                                                                                
                                                                                                                                                                
                                                                                                                                                                
  ┏━━━━━━━━━━━━━━━━━━━━━━━━━━━━━━━━━━━━━━━━━━━━━━━━┓  ╭────────────────────────────────────────────────╮  ╭────────────────────────────────────────────────╮    
  ┃ claude                                         ┃  │ web                                            │  │                                                │    
  ┃ ● Running  arch x86_64                         ┃  │ ○ Stopped  arch aarch64                        │  │                                                │    
  ┃ cpu (4c) ··································· — ┃  │                                                │  │            press enter to add a VM             │    
  ┃ mem      ··································· — ┃  │                                                │  │                                                │    
  ┃ disk     ░░░░░░░░░░░░░░░░░░░░░░░░░░░ ?/100 GiB ┃  │ disk     ░░░░░░░░░░░░░░░░░░░░░░░░░░░░ ?/50 GiB │  │                                                │    
  ┃ up                                             ┃  │ never used                                     │  │                                                │    
  ┗━━━━━━━━━━━━━━━━━━━━━━━━━━━━━━━━━━━━━━━━━━━━━━━━┛  ╰────────────────────────────────────────────────╯  ╰────────────────────────────────────────────────╯    
                                                                                                                                                                
                                                                                                                                                                
  ↑↓←→ move • n new • / search • x stop • r restart • R reset • S shell • d delete • u upload • g download • e secrets • X stop all • q quit • ? keys           
                                                                                                                                                                
