                                                                                
   sand                                                                         
  2 sandboxes (1 running) · 6 vCPU, 12 GiB/16 GiB RAM, 100 GiB disk free        
  ┏━━━━━━━━━━━━━━━━━━━━━━━━━━━━━━━━━━━━━━━━━━━━━━━━━━━━━━━━━━━━━━━━━━━━━━━━━━┓  
  ┃ claude                                                                   ┃  
  ┃ ● Running  arch x86_64                                                   ┃  
  ┃ disk  ░░░░░░░░░░░░░░░░░░░░░░░░░░░░░░░░░░░░░░░░░░░░░░░░░░░░░░░░ ?/100 GiB ┃  
  ┃                                                                          ┃  
  ┃                                                                          ┃  
  ┃ up                                                                       ┃  
  ┗━━━━━━━━━━━━━━━━━━━━━━━━━━━━━━━━━━━━━━━━━━━━━━━━━━━━━━━━━━━━━━━━━━━━━━━━━━┛  
  ╭──────────────────────────────────────────────────────────────────────────╮  
  │ web                                                                      │  
  │ ○ Stopped  arch aarch64                                                  │  
  │ disk  ░░░░░░░░░░░░░░░░░░░░░░░░░░░░░░░░░░░░░░░░░░░░░░░░░░░░░░░░░ ?/50 GiB │  
  │                                                                          │  
  │                                                                          │  
  │ never used                                                               │  
  ╰──────────────────────────────────────────────────────────────────────────╯  
                                                                                
                                                                                
  ↑↓←→ move • enter detail • n new • / search • x stop • r restart • R reset …  
                                                                                
