                                          
   VM: claude                             
                                          
  Name:              claude               
  Status:            Running              
  CPUs:              4                    
  Memory:            8 GiB                
  Maximum Disk Size: 100 GiB              
  Disk Used                               
  (allocated):                            
  Arch:              x86_64               
  Dir:               /nonexistent/claude  
  Managed:           yes (sand)           
                                          
  Delete "claude"?  [y] yes   [n] cancel  
                                          
  y confirm • n cancel                    
                                          
