                                                                                
   sandbar                                          v1.2.3 (Update available!)  
  0 sandboxes (0 running) · cpu 0%, mem 0 B/16 GiB, 60 GiB disk free            
  Connecting to 1 profile…                                                      
                                                                                
                                                                                
                                                                                
  ↑↓←→ move • n new • / search • X stop all • q quit • ? keys                   
                                                                                
