   Upload — pick a host file or directory         
                                                  
  2 items                                         
                                                  
│ ..                                              
  notes.txt                                       
                                                  
                                                  
                                                  
                                                  
                                                  
  ↑/k up • ↓/j down • / filter • v select • ? more
Source path: /tmp/example path                                              
enter: select path · esc: cancel                                            
enter: open dir · ctrl+s: select · /: filter                                
ctrl+l: path · paste/drop: select                                           
