                                     
   New Connection Profile            
                                     
  > Remote SSH                       
    Proxmox                          
                                     
  ↑↓ move • enter select • esc back  
                                     
