                                                                                                                 
   Secrets: claude                                                                                               
                                                                                                                 
  no secrets stored                                                                                              
                                                                                                                 
  a add secret • e edit • d delete • r refresh gh token • ↑ prev field • ↓/enter next field • esc back • q quit  
                                                                                                                 
