                                                                                
   Landing: web                                                                 
                                                                                
  gh: not installed — Open draft PR opens the compare URL in your browser       
  not scanned yet · r to scan                                                   
                                                                                
  > /home/user/repo (feature) — local only                                      
                                                                                
  ↑↓ move • r rescan • v review • R range • V clean review • esc back           
                                                                                
