                                                                             
   New Connection Profile                                                    
                                                                             
  Name:              >                                                       
  Host:              >                                                       
  Node:              >                                                       
  Pool:              >                                                       
  Storage:           >                                                       
  Image storage:     > file-based; defaults to local                         
  Base image:        > defaults to the sandbar golden image                  
  Bridge:            >                                                       
  User:              > defaults to your local username                       
  Identity path:     >                                                       
  Token file:        >                                                       
  [x] Insecure                                                               
  CA file:           >                                                       
                                                                             
  ↑ prev field • ↓/enter next field • space toggle • ctrl+s save • esc back  
                                                                             
