                                                                      
   New Connection Profile                                             
                                                                      
  Name:              >                                                
  Host:              >                                                
  Node:              >                                                
  Pool:              >                                                
  Storage:           >                                                
  Bridge:            >                                                
  Token file:        >                                                
  [ ] Insecure                                                        
  CA file:           >                                                
                                                                      
  ↑ prev field • ↓/enter next field • ctrl+s save • esc back          
                                                                      
