                                                                                                                                                              
   sand                                                                                                                                                       
  2 sandboxes (1 running) · 6 vCPU, 12 GiB/16 GiB RAM, 100 GiB disk free                                                                                      
                                                                                                                                                              
                                                                                                                                                              
                                                                                                                                                              
  ┏━━━━━━━━━━━━━━━━━━━━━━━━━━━━━━━━━━━━━━━━━━━━━━━━┓  ╭────────────────────────────────────────────────╮  ╭────────────────────────────────────────────────╮  
  ┃ claude                                         ┃  │ web                                            │  │                                                │  
  ┃ ● Running  arch x86_64                         ┃  │ ○ Stopped  arch aarch64                        │  │                                                │  
  ┃ disk  ░░░░░░░░░░░░░░░░░░░░░░░░░░░░░░ ?/100 GiB ┃  │ disk  ░░░░░░░░░░░░░░░░░░░░░░░░░░░░░░░ ?/50 GiB │  │              press n to add a VM               │  
  ┃                                                ┃  │                                                │  │                                                │  
  ┃                                                ┃  │                                                │  │                                                │  
  ┃ up                                             ┃  │ never used                                     │  │                                                │  
  ┗━━━━━━━━━━━━━━━━━━━━━━━━━━━━━━━━━━━━━━━━━━━━━━━━┛  ╰────────────────────────────────────────────────╯  ╰────────────────────────────────────────────────╯  
                                                                                                                                                              
                                                                                                                                                              
  ↑↓←→ move • enter detail • n new • / search • x stop • r restart • R reset • S shell • d delete • u upload • g download • e secrets • X stop all • q quit   
                                                                                                                                                              
