                                                           
   Welcome to sandbar                                      
                                                           
  Sandbar creates disposable development VMs for your      
  coding agents.                                           
                                                           
  Warp warning: Sandbar and Claude Code can have terminal  
  compatibility issues in Warp. Try another terminal if    
  ↓ scroll for links and more                              
  enter continue • n release notes • r report              
                                                           
