                                                                         
   Connection Profiles                                                   
                                                                         
  > local  [Local]  enabled  connected                                   
                                                                         
  ↑↓ move • n new • enter edit • t enable/disable • d delete • esc back  
                                                                         
