                                                                                                  
   New Connection Profile                                                                         
                                                                                                  
  Name:              >                                                                            
  Host:              >                                                                            
  Node:              >                                                                            
  Pool:              >                                                                            
  Storage:           >                                                                            
  Image storage:     >                                                                            
  Base image:        >                                                                            
  Bridge:            >                                                                            
  User:              >                                                                            
  Identity path:     >                                                                            
  Token file:        >                                                                            
  [x] Insecure                                                                                    
  CA file:           >                                                                            
                                                                                                  
  │ Skip TLS verification of the Proxmox API certificate. Prefer the CA file field for a self-    
  │ signed cert: this accepts ANY certificate, so anything on the path can read the API token.    
  │ Space toggles.                                                                                
                                                                                                  
  ↑ prev field • ↓/enter next field • space toggle • ctrl+s save • esc back                       
                                                                                                  
