                                                                                                                                                                
   sand                                                                                                                                                 v1.2.3  
  1 sandbox (1 running)                                                                                                                                         
  local: cpu —, ⚠ mem —/16 GiB, ⚠ 100 GiB disk free                                                                                                             
  build-host: error: ssh: connection refused                                                                                                                    
  ┏━━━━━━━━━━━━━━━━━━━━━━━━━━━━━━━━━━━━━━━━━━━━━━━━┓  ╭────────────────────────────────────────────────╮                                                        
  ┃ claude                                 [local] ┃  │                                                │                                                        
  ┃ ● Running                                      ┃  │                                                │                                                        
  ┃ cpu (4c) ··································· — ┃  │            press enter to add a VM             │                                                        
  ┃ mem      ··································· — ┃  │                                                │                                                        
  ┃ disk     ░░░░░░░░░░░░░░░░░░░░░░░░░░░ ?/100 GiB ┃  │                                                │                                                        
  ┃ up                                             ┃  │                                                │                                                        
  ┗━━━━━━━━━━━━━━━━━━━━━━━━━━━━━━━━━━━━━━━━━━━━━━━━┛  ╰────────────────────────────────────────────────╯                                                        
  ╭─ Messages ─────────────────────────────────────────────────────────────────────────────────────────────────────────────────────────────────────────────╮    
  │                                                                                                                                                        │    
  │                                                                                                                                                        │    
  │                                                                                                                                                        │    
  │                                                                                                                                                        │    
  │                                                                                                                                                        │    
  │                                                                                                                                                        │    
  │ connecting to build-host…                                                                                                                              │    
  │ ⚠ local memory low — 1 GiB free of 16 GiB (<10%)                                                                                                       │    
  │ ⚠ local disk low — 100 GiB free of 2 TiB (<10%)                                                                                                        │    
  │ list failed: ssh: connection refused                                                                                                                   │    
  ╰────────────────────────────────────────────────────────────────────────────────────────────────────────────────────────────────────────────────────────╯    
                                                                                                                                                                
                                                                                                                                                                
  ↑↓←→ move • n new • / search • x stop • r restart • R reset • enter/S shell • t snapshot→template • d delete • u upload • g download • v paste image          
  e secrets • X stop all • q quit • ? keys                                                                                                                      
                                                                                                                                                                
