                                                                              
   New VM                                                                     
                                                                              
  Git email:         > test@example.com                                       
  CPUs:              > 2                                                      
  Memory:            > 8GiB                                                   
  Disk:              > 100GiB                                                 
  Repository URL:    >                                                        
  Git service:       < Auto >                                                 
  Clone token:       >                                                        
  Docker proxy host: >                                                        
                                                                              
  [ ] Install Claude Code                                                     
  [ ] Install OpenAI Codex                                                    
  [ ] Install OpenCode                                                        
  [ ] Install Pi                                                              
  [ ] Rebuild base image                                                      
  │ Install the current Pi release when this VM is created. Remembers your    
  │ last submitted choices.                                                   
  ↑ prev field • ↓/enter next field • ctrl+s create • esc back                
                                                                              
